ls: invalid option -- '@'
Try 'ls --help' for more information.
